Main!
Func1
Func2
Func3: 20
Func4: 20, 30
Func5: 20
Func6: 20, 30
