X greater than 20.
X greater than 10.
X greater than 5.
