Equal
NEQ
GT
Not
LT
Not
NEQ
Not
GTE
GTE
Not
LTE
LTE
Not
