Greater than 10
Greater than 15
Done
---
Less
---
Greater than 10
Less than 15
Done
---
